<html>
<body>
<pre>
<h1>礦ision Build Log</h1>
<h2>Tool Versions:</h2>
IDE-Version: μVision V5.14.0.0
Copyright (C) 2015 ARM Ltd and ARM Germany GmbH. All rights reserved.
License Information: 1 AutoBVT, Microsoft, LIC=ZB445-GXYKH-2LMCT-RTXJ6-6BJKA-JGEDC
 
Tool Versions:
Toolchain:       MDK-ARM Standard  Version: 5.14.0.0
Toolchain Path:  C:\Keil_v5\ARM\ARMCC\Bin
C Compiler:      Armcc.exe V5.05 update 1 (build 106)
Assembler:       Armasm.exe V5.05 update 1 (build 106)
Linker/Locator:  ArmLink.exe V5.05 update 1 (build 106)
Library Manager: ArmAr.exe V5.05 update 1 (build 106)
Hex Converter:   FromElf.exe V5.05 update 1 (build 106)
CPU DLL:         SARMCM3.DLL V5.14.0.0
Dialog DLL:      DCM.DLL V1.13.1.0
Target DLL:      Segger\JL2CM3.dll V2.99.13.0
Dialog DLL:      TCM.DLL V1.14.4.0
 
<h2>Project:</h2>
D:\微机原理与嵌入式系统\计嵌lab5\USER\LED.uvprojx
Project File Date:  06/03/2024

<h2>Output:</h2>
Rebuild target 'LED'
compiling main.c...
..\HARDWARE\12864\12864.h(18): warning:  #1295-D: Deprecated declaration LCD_GPIO_Init - give arg types
  void LCD_GPIO_Init();
..\HARDWARE\12864\12864.h(26): warning:  #1-D: last line of file ends without a newline
  #endif
main.c: 2 warnings, 0 errors
compiling stm32f4xx_it.c...
compiling system_stm32f4xx.c...
compiling delay.c...
compiling sys.c...
compiling usart.c...
assembling startup_stm32f40_41xxx.s...
compiling stm32f4xx_flash.c...
compiling stm32f4xx_gpio.c...
compiling stm32f4xx_rcc.c...
compiling stm32f4xx_usart.c...
compiling misc.c...
compiling stm32f4xx_tim.c...
compiling stm32f4xx_exti.c...
compiling stm32f4xx_syscfg.c...
compiling 12864.c...
..\HARDWARE\12864\12864.h(18): warning:  #1295-D: Deprecated declaration LCD_GPIO_Init - give arg types
  void LCD_GPIO_Init();
..\HARDWARE\12864\12864.h(26): warning:  #1-D: last line of file ends without a newline
  #endif
..\HARDWARE\12864\12864.c: 2 warnings, 0 errors
compiling timer.c...
..\HARDWARE\timer\timer.h(7): warning:  #1-D: last line of file ends without a newline
  #endif
..\HARDWARE\timer\timer.c: 1 warning, 0 errors
compiling led.c...
compiling pwm.c...
compiling exti.c...
compiling key.c...
linking...
Program Size: Code=3272 RO-data=424 RW-data=56 ZI-data=1832  
FromELF: creating hex file...
"..\OBJ\LED.axf" - 0 Error(s), 5 Warning(s).

<h2>Collection of Component include folders:</h2>
  D:\微机原理与嵌入式系统\计嵌lab5\USER\RTE
  C:\Keil_v5\ARM\PACK\Keil\STM32F4xx_DFP\1.0.8\Device\Include

<h2>Collection of Component Files used:</h2>
</pre>
</body>
</html>
